Archive member included to satisfy reference by file (symbol)

C:/ST/STM32CubeIDE_1.13.0/STM32CubeIDE/plugins/com.st.stm32cube.ide.mcu.externaltools.gnu-tools-for-stm32.11.3.rel1.win32_1.1.0.202305231506/tools/bin/../lib/gcc/arm-none-eabi/11.3.1/../../../../arm-none-eabi/lib/thumb/v7e-m+fp/hard\libc_nano.a(libc_a-exit.o)
                              C:/ST/STM32CubeIDE_1.13.0/STM32CubeIDE/plugins/com.st.stm32cube.ide.mcu.externaltools.gnu-tools-for-stm32.11.3.rel1.win32_1.1.0.202305231506/tools/bin/../lib/gcc/arm-none-eabi/11.3.1/../../../../arm-none-eabi/lib/thumb/v7e-m+fp/hard/crt0.o (exit)
C:/ST/STM32CubeIDE_1.13.0/STM32CubeIDE/plugins/com.st.stm32cube.ide.mcu.externaltools.gnu-tools-for-stm32.11.3.rel1.win32_1.1.0.202305231506/tools/bin/../lib/gcc/arm-none-eabi/11.3.1/../../../../arm-none-eabi/lib/thumb/v7e-m+fp/hard\libc_nano.a(libc_a-findfp.o)
                              C:/ST/STM32CubeIDE_1.13.0/STM32CubeIDE/plugins/com.st.stm32cube.ide.mcu.externaltools.gnu-tools-for-stm32.11.3.rel1.win32_1.1.0.202305231506/tools/bin/../lib/gcc/arm-none-eabi/11.3.1/../../../../arm-none-eabi/lib/thumb/v7e-m+fp/hard\libc_nano.a(libc_a-exit.o) (__stdio_exit_handler)
C:/ST/STM32CubeIDE_1.13.0/STM32CubeIDE/plugins/com.st.stm32cube.ide.mcu.externaltools.gnu-tools-for-stm32.11.3.rel1.win32_1.1.0.202305231506/tools/bin/../lib/gcc/arm-none-eabi/11.3.1/../../../../arm-none-eabi/lib/thumb/v7e-m+fp/hard\libc_nano.a(libc_a-fwalk.o)
                              C:/ST/STM32CubeIDE_1.13.0/STM32CubeIDE/plugins/com.st.stm32cube.ide.mcu.externaltools.gnu-tools-for-stm32.11.3.rel1.win32_1.1.0.202305231506/tools/bin/../lib/gcc/arm-none-eabi/11.3.1/../../../../arm-none-eabi/lib/thumb/v7e-m+fp/hard\libc_nano.a(libc_a-findfp.o) (_fwalk_sglue)
C:/ST/STM32CubeIDE_1.13.0/STM32CubeIDE/plugins/com.st.stm32cube.ide.mcu.externaltools.gnu-tools-for-stm32.11.3.rel1.win32_1.1.0.202305231506/tools/bin/../lib/gcc/arm-none-eabi/11.3.1/../../../../arm-none-eabi/lib/thumb/v7e-m+fp/hard\libc_nano.a(libc_a-stdio.o)
                              C:/ST/STM32CubeIDE_1.13.0/STM32CubeIDE/plugins/com.st.stm32cube.ide.mcu.externaltools.gnu-tools-for-stm32.11.3.rel1.win32_1.1.0.202305231506/tools/bin/../lib/gcc/arm-none-eabi/11.3.1/../../../../arm-none-eabi/lib/thumb/v7e-m+fp/hard\libc_nano.a(libc_a-findfp.o) (__sread)
C:/ST/STM32CubeIDE_1.13.0/STM32CubeIDE/plugins/com.st.stm32cube.ide.mcu.externaltools.gnu-tools-for-stm32.11.3.rel1.win32_1.1.0.202305231506/tools/bin/../lib/gcc/arm-none-eabi/11.3.1/../../../../arm-none-eabi/lib/thumb/v7e-m+fp/hard\libc_nano.a(libc_a-memset.o)
                              C:/ST/STM32CubeIDE_1.13.0/STM32CubeIDE/plugins/com.st.stm32cube.ide.mcu.externaltools.gnu-tools-for-stm32.11.3.rel1.win32_1.1.0.202305231506/tools/bin/../lib/gcc/arm-none-eabi/11.3.1/../../../../arm-none-eabi/lib/thumb/v7e-m+fp/hard/crt0.o (memset)
C:/ST/STM32CubeIDE_1.13.0/STM32CubeIDE/plugins/com.st.stm32cube.ide.mcu.externaltools.gnu-tools-for-stm32.11.3.rel1.win32_1.1.0.202305231506/tools/bin/../lib/gcc/arm-none-eabi/11.3.1/../../../../arm-none-eabi/lib/thumb/v7e-m+fp/hard\libc_nano.a(libc_a-closer.o)
                              C:/ST/STM32CubeIDE_1.13.0/STM32CubeIDE/plugins/com.st.stm32cube.ide.mcu.externaltools.gnu-tools-for-stm32.11.3.rel1.win32_1.1.0.202305231506/tools/bin/../lib/gcc/arm-none-eabi/11.3.1/../../../../arm-none-eabi/lib/thumb/v7e-m+fp/hard\libc_nano.a(libc_a-stdio.o) (_close_r)
C:/ST/STM32CubeIDE_1.13.0/STM32CubeIDE/plugins/com.st.stm32cube.ide.mcu.externaltools.gnu-tools-for-stm32.11.3.rel1.win32_1.1.0.202305231506/tools/bin/../lib/gcc/arm-none-eabi/11.3.1/../../../../arm-none-eabi/lib/thumb/v7e-m+fp/hard\libc_nano.a(libc_a-reent.o)
                              C:/ST/STM32CubeIDE_1.13.0/STM32CubeIDE/plugins/com.st.stm32cube.ide.mcu.externaltools.gnu-tools-for-stm32.11.3.rel1.win32_1.1.0.202305231506/tools/bin/../lib/gcc/arm-none-eabi/11.3.1/../../../../arm-none-eabi/lib/thumb/v7e-m+fp/hard\libc_nano.a(libc_a-closer.o) (errno)
C:/ST/STM32CubeIDE_1.13.0/STM32CubeIDE/plugins/com.st.stm32cube.ide.mcu.externaltools.gnu-tools-for-stm32.11.3.rel1.win32_1.1.0.202305231506/tools/bin/../lib/gcc/arm-none-eabi/11.3.1/../../../../arm-none-eabi/lib/thumb/v7e-m+fp/hard\libc_nano.a(libc_a-impure.o)
                              C:/ST/STM32CubeIDE_1.13.0/STM32CubeIDE/plugins/com.st.stm32cube.ide.mcu.externaltools.gnu-tools-for-stm32.11.3.rel1.win32_1.1.0.202305231506/tools/bin/../lib/gcc/arm-none-eabi/11.3.1/../../../../arm-none-eabi/lib/thumb/v7e-m+fp/hard\libc_nano.a(libc_a-reent.o) (_impure_ptr)
C:/ST/STM32CubeIDE_1.13.0/STM32CubeIDE/plugins/com.st.stm32cube.ide.mcu.externaltools.gnu-tools-for-stm32.11.3.rel1.win32_1.1.0.202305231506/tools/bin/../lib/gcc/arm-none-eabi/11.3.1/../../../../arm-none-eabi/lib/thumb/v7e-m+fp/hard\libc_nano.a(libc_a-lseekr.o)
[...]
Memory Configuration

Name             Origin             Length             Attributes
RAM              0x0000000020000000 0x0000000000050000 xrw
FLASH            0x0000000008000000 0x0000000000100000 xr
*default*        0x0000000000000000 0xffffffffffffffff

Linker script and memory map

LOAD C:/ST/STM32CubeIDE_1.13.0/STM32CubeIDE/plugins/com.st.stm32cube.ide.mcu.externaltools.gnu-tools-for-stm32.11.3.rel1.win32_1.1.0.202305231506/tools/bin/../lib/gcc/arm-none-eabi/11.3.1/thumb/v7e-m+fp/hard/crti.o
LOAD C:/ST/STM32CubeIDE_1.13.0/STM32CubeIDE/plugins/com.st.stm32cube.ide.mcu.externaltools.gnu-tools-for-stm32.11.3.rel1.win32_1.1.0.202305231506/tools/bin/../lib/gcc/arm-none-eabi/11.3.1/thumb/v7e-m+fp/hard/crtbegin.o
LOAD C:/ST/STM32CubeIDE_1.13.0/STM32CubeIDE/plugins/com.st.stm32cube.ide.mcu.externaltools.gnu-tools-for-stm32.11.3.rel1.win32_1.1.0.202305231506/tools/bin/../lib/gcc/arm-none-eabi/11.3.1/../../../../arm-none-eabi/lib/thumb/v7e-m+fp/hard/crt0.o
LOAD ./Core/Src/dataStatus.o
LOAD ./Core/Src/main.o
LOAD ./Core/Src/stm32f7xx_hal_msp.o
LOAD ./Core/Src/stm32f7xx_it.o
LOAD ./Core/Src/syscalls.o
LOAD ./Core/Src/sysmem.o
LOAD ./Core/Src/system_stm32f7xx.o
LOAD ./Core/Src/ultraSonic.o
LOAD ./Core/Startup/startup_stm32f756zgtx.o
LOAD ./Drivers/STM32F7xx_HAL_Driver/Src/stm32f7xx_hal.o
LOAD ./Drivers/STM32F7xx_HAL_Driver/Src/stm32f7xx_hal_adc.o
LOAD ./Drivers/STM32F7xx_HAL_Driver/Src/stm32f7xx_hal_adc_ex.o
LOAD ./Drivers/STM32F7xx_HAL_Driver/Src/stm32f7xx_hal_cortex.o
LOAD ./Drivers/STM32F7xx_HAL_Driver/Src/stm32f7xx_hal_dma.o
LOAD ./Drivers/STM32F7xx_HAL_Driver/Src/stm32f7xx_hal_dma_ex.o
LOAD ./Drivers/STM32F7xx_HAL_Driver/Src/stm32f7xx_hal_exti.o
LOAD ./Drivers/STM32F7xx_HAL_Driver/Src/stm32f7xx_hal_flash.o
LOAD ./Drivers/STM32F7xx_HAL_Driver/Src/stm32f7xx_hal_flash_ex.o
LOAD ./Drivers/STM32F7xx_HAL_Driver/Src/stm32f7xx_hal_gpio.o
LOAD ./Drivers/STM32F7xx_HAL_Driver/Src/stm32f7xx_hal_i2c.o
LOAD ./Drivers/STM32F7xx_HAL_Driver/Src/stm32f7xx_hal_i2c_ex.o
LOAD ./Drivers/STM32F7xx_HAL_Driver/Src/stm32f7xx_hal_pwr.o
LOAD ./Drivers/STM32F7xx_HAL_Driver/Src/stm32f7xx_hal_pwr_ex.o
LOAD ./Drivers/STM32F7xx_HAL_Driver/Src/stm32f7xx_hal_rcc.o
LOAD ./Drivers/STM32F7xx_HAL_Driver/Src/stm32f7xx_hal_rcc_ex.o
LOAD ./Drivers/STM32F7xx_HAL_Driver/Src/stm32f7xx_hal_tim.o
LOAD ./Drivers/STM32F7xx_HAL_Driver/Src/stm32f7xx_hal_tim_ex.o
LOAD ./Drivers/STM32F7xx_HAL_Driver/Src/stm32f7xx_hal_uart.o
LOAD ./Drivers/STM32F7xx_HAL_Driver/Src/stm32f7xx_hal_uart_ex.o
START GROUP
LOAD C:/ST/STM32CubeIDE_1.13.0/STM32CubeIDE/plugins/com.st.stm32cube.ide.mcu.externaltools.gnu-tools-for-stm32.11.3.rel1.win32_1.1.0.202305231506/tools/bin/../lib/gcc/arm-none-eabi/11.3.1/../../../../arm-none-eabi/lib/thumb/v7e-m+fp/hard\libc_nano.a
LOAD C:/ST/STM32CubeIDE_1.13.0/STM32CubeIDE/plugins/com.st.stm32cube.ide.mcu.externaltools.gnu-tools-for-stm32.11.3.rel1.win32_1.1.0.202305231506/tools/bin/../lib/gcc/arm-none-eabi/11.3.1/../../../../arm-none-eabi/lib/thumb/v7e-m+fp/hard\libm.a
END GROUP
START GROUP
LOAD C:/ST/STM32CubeIDE_1.13.0/STM32CubeIDE/plugins/com.st.stm32cube.ide.mcu.externaltools.gnu-tools-for-stm32.11.3.rel1.win32_1.1.0.202305231506/tools/bin/../lib/gcc/arm-none-eabi/11.3.1/thumb/v7e-m+fp/hard\libgcc.a
LOAD C:/ST/STM32CubeIDE_1.13.0/STM32CubeIDE/plugins/com.st.stm32cube.ide.mcu.externaltools.gnu-tools-for-stm32.11.3.rel1.win32_1.1.0.202305231506/tools/bin/../lib/gcc/arm-none-eabi/11.3.1/../../../../arm-none-eabi/lib/thumb/v7e-m+fp/hard\libc_nano.a
END GROUP
START GROUP
LOAD C:/ST/STM32CubeIDE_1.13.0/STM32CubeIDE/plugins/com.st.stm32cube.ide.mcu.externaltools.gnu-tools-for-stm32.11.3.rel1.win32_1.1.0.202305231506/tools/bin/../lib/gcc/arm-none-eabi/11.3.1/thumb/v7e-m+fp/hard\libgcc.a
LOAD C:/ST/STM32CubeIDE_1.13.0/STM32CubeIDE/plugins/com.st.stm32cube.ide.mcu.externaltools.gnu-tools-for-stm32.11.3.rel1.win32_1.1.0.202305231506/tools/bin/../lib/gcc/arm-none-eabi/11.3.1/../../../../arm-none-eabi/lib/thumb/v7e-m+fp/hard\libc_nano.a
LOAD C:/ST/STM32CubeIDE_1.13.0/STM32CubeIDE/plugins/com.st.stm32cube.ide.mcu.externaltools.gnu-tools-for-stm32.11.3.rel1.win32_1.1.0.202305231506/tools/bin/../lib/gcc/arm-none-eabi/11.3.1/../../../../arm-none-eabi/lib/thumb/v7e-m+fp/hard\libnosys.a
END GROUP
START GROUP
LOAD C:/ST/STM32CubeIDE_1.13.0/STM32CubeIDE/plugins/com.st.stm32cube.ide.mcu.externaltools.gnu-tools-for-stm32.11.3.rel1.win32_1.1.0.202305231506/tools/bin/../lib/gcc/arm-none-eabi/11.3.1/thumb/v7e-m+fp/hard\libgcc.a
LOAD C:/ST/STM32CubeIDE_1.13.0/STM32CubeIDE/plugins/com.st.stm32cube.ide.mcu.externaltools.gnu-tools-for-stm32.11.3.rel1.win32_1.1.0.202305231506/tools/bin/../lib/gcc/arm-none-eabi/11.3.1/../../../../arm-none-eabi/lib/thumb/v7e-m+fp/hard\libc_nano.a
LOAD C:/ST/STM32CubeIDE_1.13.0/STM32CubeIDE/plugins/com.st.stm32cube.ide.mcu.externaltools.gnu-tools-for-stm32.11.3.rel1.win32_1.1.0.202305231506/tools/bin/../lib/gcc/arm-none-eabi/11.3.1/../../../../arm-none-eabi/lib/thumb/v7e-m+fp/hard\libnosys.a
END GROUP
LOAD C:/ST/STM32CubeIDE_1.13.0/STM32CubeIDE/plugins/com.st.stm32cube.ide.mcu.externaltools.gnu-tools-for-stm32.11.3.rel1.win32_1.1.0.202305231506/tools/bin/../lib/gcc/arm-none-eabi/11.3.1/thumb/v7e-m+fp/hard/crtend.o
LOAD C:/ST/STM32CubeIDE_1.13.0/STM32CubeIDE/plugins/com.st.stm32cube.ide.mcu.externaltools.gnu-tools-for-stm32.11.3.rel1.win32_1.1.0.202305231506/tools/bin/../lib/gcc/arm-none-eabi/11.3.1/thumb/v7e-m+fp/hard/crtn.o
                0x0000000020050000                _estack = (ORIGIN (RAM) + LENGTH (RAM))
                0x0000000000000200                _Min_Heap_Size = 0x200
                0x0000000000000400                _Min_Stack_Size = 0x400

.isr_vector     0x0000000008000000      0x1c8
                0x0000000008000000                . = ALIGN (0x4)
 *(.isr_vector)
 .isr_vector    0x0000000008000000      0x1c8 ./Core/Startup/startup_stm32f756zgtx.o
                0x0000000008000000                g_pfnVectors
                0x00000000080001c8                . = ALIGN (0x4)

.text           0x00000000080001c8     0x5624
                0x00000000080001c8                . = ALIGN (0x4)
 *(.text)
 .text          0x00000000080001c8       0x40 C:/ST/STM32CubeIDE_1.13.0/STM32CubeIDE/plugins/com.st.stm32cube.ide.mcu.externaltools.gnu-tools-for-stm32.11.3.rel1.win32_1.1.0.202305231506/tools/bin/../lib/gcc/arm-none-eabi/11.3.1/thumb/v7e-m+fp/hard/crtbegin.o
 .text          0x0000000008000208       0x30 C:/ST/STM32CubeIDE_1.13.0/STM32CubeIDE/plugins/com.st.stm32cube.ide.mcu.externaltools.gnu-tools-for-stm32.11.3.rel1.win32_1.1.0.202305231506/tools/bin/../lib/gcc/arm-none-eabi/11.3.1/thumb/v7e-m+fp/hard\libgcc.a(_aeabi_uldivmod.o)
                0x0000000008000208                __aeabi_uldivmod
 .text          0x0000000008000238      0x2c8 C:/ST/STM32CubeIDE_1.13.0/STM32CubeIDE/plugins/com.st.stm32cube.ide.mcu.externaltools.gnu-tools-for-stm32.11.3.rel1.win32_1.1.0.202305231506/tools/bin/../lib/gcc/arm-none-eabi/11.3.1/thumb/v7e-m+fp/hard\libgcc.a(_udivmoddi4.o)
                0x0000000008000238                __udivmoddi4
 .text          0x0000000008000500        0x4 C:/ST/STM32CubeIDE_1.13.0/STM32CubeIDE/plugins/com.st.stm32cube.ide.mcu.externaltools.gnu-tools-for-stm32.11.3.rel1.win32_1.1.0.202305231506/tools/bin/../lib/gcc/arm-none-eabi/11.3.1/thumb/v7e-m+fp/hard\libgcc.a(_dvmd_tls.o)
                0x0000000008000500                __aeabi_idiv0
                0x0000000008000500                __aeabi_ldiv0
 *(.text*)
 .text.initDataStatus
                0x0000000008000504       0x24 ./Core/Src/dataStatus.o
                0x0000000008000504                initDataStatus
 .text.setEventData
                0x0000000008000528       0x34 ./Core/Src/dataStatus.o
                0x0000000008000528                setEventData
 .text.getEventData
                0x000000000800055c       0x44 ./Core/Src/dataStatus.o
                0x000000000800055c                getEventData
 .text.HAL_UART_RxCpltCallback
                0x00000000080005a0       0x24 ./Core/Src/main.o
                0x00000000080005a0                HAL_UART_RxCpltCallback
 .text.HAL_TIM_PeriodElapsedCallback
                0x00000000080005c4       0x16 ./Core/Src/main.o
                0x00000000080005c4                HAL_TIM_PeriodElapsedCallback
 *fill*         0x00000000080005da        0x2 
 .text.main     0x00000000080005dc       0xb4 ./Core/Src/main.o
                0x00000000080005dc                main
 .text.SystemClock_Config
                0x0000000008000690       0xdc ./Core/Src/main.o
                0x0000000008000690                SystemClock_Config
 .text.MX_ADC3_Init
                0x000000000800076c       0xa4 ./Core/Src/main.o
 .text.MX_TIM5_Init
                0x0000000008000810       0xb4 ./Core/Src/main.o
 .text.MX_UART5_Init
                0x00000000080008c4       0x60 ./Core/Src/main.o
 .text.MX_USART2_UART_Init
                0x0000000008000924       0x60 ./Core/Src/main.o
 .text.MX_DMA_Init
                0x0000000008000984       0x3c ./Core/Src/main.o
 .text.MX_GPIO_Init
                0x00000000080009c0       0xe0 ./Core/Src/main.o
 .text.Error_Handler
                0x0000000008000aa0        0xa ./Core/Src/main.o
                0x0000000008000aa0                Error_Handler
 *fill*         0x0000000008000aaa        0x2 
 .text.HAL_MspInit
                0x0000000008000aac       0x48 ./Core/Src/stm32f7xx_hal_msp.o
                0x0000000008000aac                HAL_MspInit
 .text.HAL_ADC_MspInit
                0x0000000008000af4       0xe8 ./Core/Src/stm32f7xx_hal_msp.o
                0x0000000008000af4                HAL_ADC_MspInit
 .text.HAL_TIM_OC_MspInit
                0x0000000008000bdc       0x4c ./Core/Src/stm32f7xx_hal_msp.o
                0x0000000008000bdc                HAL_TIM_OC_MspInit
 .text.HAL_UART_MspInit
                0x0000000008000c28      0x1b0 ./Core/Src/stm32f7xx_hal_msp.o
                0x0000000008000c28                HAL_UART_MspInit
 .text.NMI_Handler
                0x0000000008000dd8        0x6 ./Core/Src/stm32f7xx_it.o
                0x0000000008000dd8                NMI_Handler
 .text.HardFault_Handler
                0x0000000008000dde        0x6 ./Core/Src/stm32f7xx_it.o
                0x0000000008000dde                HardFault_Handler
 .text.MemManage_Handler
                0x0000000008000de4        0x6 ./Core/Src/stm32f7xx_it.o
                0x0000000008000de4                MemManage_Handler
 .text.BusFault_Handler
                0x0000000008000dea        0x6 ./Core/Src/stm32f7xx_it.o
                0x0000000008000dea                BusFault_Handler
 .text.UsageFault_Handler
                0x0000000008000df0        0x6 ./Core/Src/stm32f7xx_it.o
                0x0000000008000df0                UsageFault_Handler
 .text.SVC_Handler
                0x0000000008000df6        0xe ./Core/Src/stm32f7xx_it.o
                0x0000000008000df6                SVC_Handler
 .text.DebugMon_Handler
                0x0000000008000e04        0xe ./Core/Src/stm32f7xx_it.o
                0x0000000008000e04                DebugMon_Handler
 .text.PendSV_Handler
                0x0000000008000e12        0xe ./Core/Src/stm32f7xx_it.o
                0x0000000008000e12                PendSV_Handler
 .text.SysTick_Handler
                0x0000000008000e20        0xc ./Core/Src/stm32f7xx_it.o
                0x0000000008000e20                SysTick_Handler
 .text.USART2_IRQHandler
                0x0000000008000e2c       0x14 ./Core/Src/stm32f7xx_it.o
                0x0000000008000e2c                USART2_IRQHandler
 .text.TIM5_IRQHandler
                0x0000000008000e40       0x14 ./Core/Src/stm32f7xx_it.o
                0x0000000008000e40                TIM5_IRQHandler
 .text.UART5_IRQHandler
                0x0000000008000e54       0x14 ./Core/Src/stm32f7xx_it.o
                0x0000000008000e54                UART5_IRQHandler
 .text.DMA2_Stream0_IRQHandler
                0x0000000008000e68       0x14 ./Core/Src/stm32f7xx_it.o
                0x0000000008000e68                DMA2_Stream0_IRQHandler
 .text.SystemInit
                0x0000000008000e7c       0x24 ./Core/Src/system_stm32f7xx.o
                0x0000000008000e7c                SystemInit
 .text.Reset_Handler
                0x0000000008000ea0       0x50 ./Core/Startup/startup_stm32f756zgtx.o
                0x0000000008000ea0                Reset_Handler
 .text.Default_Handler
                0x0000000008000ef0        0x2 ./Core/Startup/startup_stm32f756zgtx.o
                0x0000000008000ef0                RTC_Alarm_IRQHandler
                0x0000000008000ef0                HASH_RNG_IRQHandler
                0x0000000008000ef0                EXTI2_IRQHandler
                0x0000000008000ef0                TIM8_CC_IRQHandler
                0x0000000008000ef0                UART8_IRQHandler
                0x0000000008000ef0                SPI4_IRQHandler
                0x0000000008000ef0                TIM1_CC_IRQHandler
                0x0000000008000ef0                DMA2_Stream5_IRQHandler
                0x0000000008000ef0                DMA1_Stream5_IRQHandler
                0x0000000008000ef0                PVD_IRQHandler
                0x0000000008000ef0                TAMP_STAMP_IRQHandler
                0x0000000008000ef0                CAN2_RX1_IRQHandler
                0x0000000008000ef0                EXTI3_IRQHandler
                0x0000000008000ef0                TIM8_TRG_COM_TIM14_IRQHandler
                0x0000000008000ef0                TIM1_UP_TIM10_IRQHandler
                0x0000000008000ef0                TIM8_UP_TIM13_IRQHandler
                0x0000000008000ef0                I2C3_ER_IRQHandler
                0x0000000008000ef0                EXTI0_IRQHandler
                0x0000000008000ef0                I2C2_EV_IRQHandler
                0x0000000008000ef0                DMA1_Stream2_IRQHandler
                0x0000000008000ef0                CAN1_RX0_IRQHandler
                0x0000000008000ef0                FPU_IRQHandler
                0x0000000008000ef0                OTG_HS_WKUP_IRQHandler
                0x0000000008000ef0                LTDC_ER_IRQHandler
                0x0000000008000ef0                CAN2_SCE_IRQHandler
                0x0000000008000ef0                DMA2_Stream2_IRQHandler
                0x0000000008000ef0                SPI1_IRQHandler
                0x0000000008000ef0                TIM6_DAC_IRQHandler
                0x0000000008000ef0                TIM1_BRK_TIM9_IRQHandler
                0x0000000008000ef0                DCMI_IRQHandler
                0x0000000008000ef0                CAN2_RX0_IRQHandler
                0x0000000008000ef0                DMA2_Stream3_IRQHandler
                0x0000000008000ef0                SAI2_IRQHandler
                0x0000000008000ef0                USART6_IRQHandler
                0x0000000008000ef0                USART3_IRQHandler
                0x0000000008000ef0                CRYP_IRQHandler
                0x0000000008000ef0                CAN1_RX1_IRQHandler
                0x0000000008000ef0                TIM4_IRQHandler
                0x0000000008000ef0                QUADSPI_IRQHandler
                0x0000000008000ef0                I2C1_EV_IRQHandler
                0x0000000008000ef0                DMA1_Stream6_IRQHandler
                0x0000000008000ef0                DMA1_Stream1_IRQHandler
                0x0000000008000ef0                UART4_IRQHandler
                0x0000000008000ef0                TIM3_IRQHandler
                0x0000000008000ef0                RCC_IRQHandler
                0x0000000008000ef0                TIM8_BRK_TIM12_IRQHandler
                0x0000000008000ef0                Default_Handler
                0x0000000008000ef0                CEC_IRQHandler
                0x0000000008000ef0                EXTI15_10_IRQHandler
                0x0000000008000ef0                ADC_IRQHandler
                0x0000000008000ef0                DMA1_Stream7_IRQHandler
                0x0000000008000ef0                SPI5_IRQHandler
                0x0000000008000ef0                TIM7_IRQHandler
                0x0000000008000ef0                SDMMC1_IRQHandler
                0x0000000008000ef0                CAN2_TX_IRQHandler
                0x0000000008000ef0                DMA2_Stream7_IRQHandler
                0x0000000008000ef0                I2C3_EV_IRQHandler
                0x0000000008000ef0                EXTI9_5_IRQHandler
                0x0000000008000ef0                RTC_WKUP_IRQHandler
                0x0000000008000ef0                LTDC_IRQHandler
                0x0000000008000ef0                ETH_WKUP_IRQHandler
                0x0000000008000ef0                SPDIF_RX_IRQHandler
                0x0000000008000ef0                SPI2_IRQHandler
                0x0000000008000ef0                OTG_HS_EP1_IN_IRQHandler
                0x0000000008000ef0                DMA1_Stream0_IRQHandler
                0x0000000008000ef0                CAN1_TX_IRQHandler
                0x0000000008000ef0                EXTI4_IRQHandler
                0x0000000008000ef0                ETH_IRQHandler
                0x0000000008000ef0                OTG_HS_EP1_OUT_IRQHandler
                0x0000000008000ef0                WWDG_IRQHandler
                0x0000000008000ef0                SPI6_IRQHandler
                0x0000000008000ef0                I2C4_EV_IRQHandler
                0x0000000008000ef0                TIM2_IRQHandler
                0x0000000008000ef0                OTG_FS_WKUP_IRQHandler
                0x0000000008000ef0                TIM1_TRG_COM_TIM11_IRQHandler
                0x0000000008000ef0                OTG_HS_IRQHandler
                0x0000000008000ef0                DMA2D_IRQHandler
                0x0000000008000ef0                EXTI1_IRQHandler
                0x0000000008000ef0                UART7_IRQHandler
                0x0000000008000ef0                I2C2_ER_IRQHandler
                0x0000000008000ef0                DMA2_Stream1_IRQHandler
                0x0000000008000ef0                CAN1_SCE_IRQHandler
                0x0000000008000ef0                FLASH_IRQHandler
                0x0000000008000ef0                DMA2_Stream4_IRQHandler
                0x0000000008000ef0                USART1_IRQHandler
                0x0000000008000ef0                OTG_FS_IRQHandler
                0x0000000008000ef0                SPI3_IRQHandler
                0x0000000008000ef0                DMA1_Stream4_IRQHandler
                0x0000000008000ef0                I2C1_ER_IRQHandler
                0x0000000008000ef0                FMC_IRQHandler
                0x0000000008000ef0                LPTIM1_IRQHandler
                0x0000000008000ef0                I2C4_ER_IRQHandler
                0x0000000008000ef0                DMA2_Stream6_IRQHandler
                0x0000000008000ef0                SAI1_IRQHandler
                0x0000000008000ef0                DMA1_Stream3_IRQHandler
 .text.HAL_Init
                0x0000000008000ef2       0x1a ./Drivers/STM32F7xx_HAL_Driver/Src/stm32f7xx_hal.o
                0x0000000008000ef2                HAL_Init
 .text.HAL_InitTick
                0x0000000008000f0c       0x60 ./Drivers/STM32F7xx_HAL_Driver/Src/stm32f7xx_hal.o
                0x0000000008000f0c                HAL_InitTick
 .text.HAL_IncTick
                0x0000000008000f6c       0x28 ./Drivers/STM32F7xx_HAL_Driver/Src/stm32f7xx_hal.o
                0x0000000008000f6c                HAL_IncTick
 .text.HAL_GetTick
                0x0000000008000f94       0x18 ./Drivers/STM32F7xx_HAL_Driver/Src/stm32f7xx_hal.o
                0x0000000008000f94                HAL_GetTick
 .text.HAL_Delay
                0x0000000008000fac       0x48 ./Drivers/STM32F7xx_HAL_Driver/Src/stm32f7xx_hal.o
                0x0000000008000fac                HAL_Delay
 .text.HAL_ADC_Init
                0x0000000008000ff4       0x88 ./Drivers/STM32F7xx_HAL_Driver/Src/stm32f7xx_hal_adc.o
                0x0000000008000ff4                HAL_ADC_Init
 .text.HAL_ADC_ConfigChannel
                0x000000000800107c      0x2ac ./Drivers/STM32F7xx_HAL_Driver/Src/stm32f7xx_hal_adc.o
                0x000000000800107c                HAL_ADC_ConfigChannel
 .text.ADC_Init
                0x0000000008001328      0x1f4 ./Drivers/STM32F7xx_HAL_Driver/Src/stm32f7xx_hal_adc.o
 .text.__NVIC_SetPriorityGrouping
                0x000000000800151c       0x48 ./Drivers/STM32F7xx_HAL_Driver/Src/stm32f7xx_hal_cortex.o
 .text.__NVIC_GetPriorityGrouping
                0x0000000008001564       0x1c ./Drivers/STM32F7xx_HAL_Driver/Src/stm32f7xx_hal_cortex.o
 .text.__NVIC_EnableIRQ
                0x0000000008001580       0x3c ./Drivers/STM32F7xx_HAL_Driver/Src/stm32f7xx_hal_cortex.o
 .text.__NVIC_SetPriority
                0x00000000080015bc       0x54 ./Drivers/STM32F7xx_HAL_Driver/Src/stm32f7xx_hal_cortex.o
 .text.NVIC_EncodePriority
                0x0000000008001610       0x66 ./Drivers/STM32F7xx_HAL_Driver/Src/stm32f7xx_hal_cortex.o
 *fill*         0x0000000008001676        0x2 
 .text.SysTick_Config
                0x0000000008001678       0x44 ./Drivers/STM32F7xx_HAL_Driver/Src/stm32f7xx_hal_cortex.o
 .text.HAL_NVIC_SetPriorityGrouping
                0x00000000080016bc       0x16 ./Drivers/STM32F7xx_HAL_Driver/Src/stm32f7xx_hal_cortex.o
                0x00000000080016bc                HAL_NVIC_SetPriorityGrouping
 .text.HAL_NVIC_SetPriority
                0x00000000080016d2       0x38 ./Drivers/STM32F7xx_HAL_Driver/Src/stm32f7xx_hal_cortex.o
                0x00000000080016d2                HAL_NVIC_SetPriority
 .text.HAL_NVIC_EnableIRQ
                0x000000000800170a       0x1c ./Drivers/STM32F7xx_HAL_Driver/Src/stm32f7xx_hal_cortex.o
                0x000000000800170a                HAL_NVIC_EnableIRQ
 .text.HAL_SYSTICK_Config
                0x0000000008001726       0x18 ./Drivers/STM32F7xx_HAL_Driver/Src/stm32f7xx_hal_cortex.o
                0x0000000008001726                HAL_SYSTICK_Config
 *fill*         0x000000000800173e        0x2 
 .text.HAL_DMA_Init
                0x0000000008001740      0x15c ./Drivers/STM32F7xx_HAL_Driver/Src/stm32f7xx_hal_dma.o
                0x0000000008001740                HAL_DMA_Init
 .text.HAL_DMA_Abort
                0x000000000800189c       0xe0 ./Drivers/STM32F7xx_HAL_Driver/Src/stm32f7xx_hal_dma.o
                0x000000000800189c                HAL_DMA_Abort
 .text.HAL_DMA_Abort_IT
                0x000000000800197c       0x44 ./Drivers/STM32F7xx_HAL_Driver/Src/stm32f7xx_hal_dma.o
                0x000000000800197c                HAL_DMA_Abort_IT
 .text.HAL_DMA_IRQHandler
                0x00000000080019c0      0x314 ./Drivers/STM32F7xx_HAL_Driver/Src/stm32f7xx_hal_dma.o
                0x00000000080019c0                HAL_DMA_IRQHandler
 .text.DMA_CalcBaseAndBitshift
                0x0000000008001cd4       0x6c ./Drivers/STM32F7xx_HAL_Driver/Src/stm32f7xx_hal_dma.o
 .text.DMA_CheckFifoParam
                0x0000000008001d40       0xf8 ./Drivers/STM32F7xx_HAL_Driver/Src/stm32f7xx_hal_dma.o
 .text.HAL_GPIO_Init
                0x0000000008001e38      0x358 ./Drivers/STM32F7xx_HAL_Driver/Src/stm32f7xx_hal_gpio.o
                0x0000000008001e38                HAL_GPIO_Init
 .text.HAL_GPIO_WritePin
                0x0000000008002190       0x32 ./Drivers/STM32F7xx_HAL_Driver/Src/stm32f7xx_hal_gpio.o
                0x0000000008002190                HAL_GPIO_WritePin
 .text.HAL_GPIO_TogglePin
                0x00000000080021c2       0x34 ./Drivers/STM32F7xx_HAL_Driver/Src/stm32f7xx_hal_gpio.o
                0x00000000080021c2                HAL_GPIO_TogglePin
 *fill*         0x00000000080021f6        0x2 
 .text.HAL_PWR_EnableBkUpAccess
                0x00000000080021f8       0x20 ./Drivers/STM32F7xx_HAL_Driver/Src/stm32f7xx_hal_pwr.o
                0x00000000080021f8                HAL_PWR_EnableBkUpAccess
 .text.HAL_PWREx_EnableOverDrive
                0x0000000008002218       0xa0 ./Drivers/STM32F7xx_HAL_Driver/Src/stm32f7xx_hal_pwr_ex.o
                0x0000000008002218                HAL_PWREx_EnableOverDrive
 .text.HAL_RCC_OscConfig
                0x00000000080022b8      0x548 ./Drivers/STM32F7xx_HAL_Driver/Src/stm32f7xx_hal_rcc.o
                0x00000000080022b8                HAL_RCC_OscConfig
 .text.HAL_RCC_ClockConfig
                0x0000000008002800      0x1d8 ./Drivers/STM32F7xx_HAL_Driver/Src/stm32f7xx_hal_rcc.o
                0x0000000008002800                HAL_RCC_ClockConfig
 .text.HAL_RCC_GetSysClockFreq
                0x00000000080029d8      0x18c ./Drivers/STM32F7xx_HAL_Driver/Src/stm32f7xx_hal_rcc.o
                0x00000000080029d8                HAL_RCC_GetSysClockFreq
 .text.HAL_RCC_GetHCLKFreq
                0x0000000008002b64       0x18 ./Drivers/STM32F7xx_HAL_Driver/Src/stm32f7xx_hal_rcc.o
                0x0000000008002b64                HAL_RCC_GetHCLKFreq
 .text.HAL_RCC_GetPCLK1Freq
                0x0000000008002b7c       0x28 ./Drivers/STM32F7xx_HAL_Driver/Src/stm32f7xx_hal_rcc.o
                0x0000000008002b7c                HAL_RCC_GetPCLK1Freq
 .text.HAL_RCC_GetPCLK2Freq
                0x0000000008002ba4       0x28 ./Drivers/STM32F7xx_HAL_Driver/Src/stm32f7xx_hal_rcc.o
                0x0000000008002ba4                HAL_RCC_GetPCLK2Freq
 .text.HAL_RCCEx_PeriphCLKConfig
                0x0000000008002bcc      0x7e0 ./Drivers/STM32F7xx_HAL_Driver/Src/stm32f7xx_hal_rcc_ex.o
                0x0000000008002bcc                HAL_RCCEx_PeriphCLKConfig
 .text.HAL_TIM_Base_Start_IT
                0x00000000080033ac       0xf0 ./Drivers/STM32F7xx_HAL_Driver/Src/stm32f7xx_hal_tim.o
                0x00000000080033ac                HAL_TIM_Base_Start_IT
 .text.HAL_TIM_OC_Init
                0x000000000800349c       0xae ./Drivers/STM32F7xx_HAL_Driver/Src/stm32f7xx_hal_tim.o
                0x000000000800349c                HAL_TIM_OC_Init
 .text.HAL_TIM_IRQHandler
                0x000000000800354a      0x23e ./Drivers/STM32F7xx_HAL_Driver/Src/stm32f7xx_hal_tim.o
                0x000000000800354a                HAL_TIM_IRQHandler
 .text.HAL_TIM_OC_ConfigChannel
                0x0000000008003788       0xf4 ./Drivers/STM32F7xx_HAL_Driver/Src/stm32f7xx_hal_tim.o
                0x0000000008003788                HAL_TIM_OC_ConfigChannel
 .text.HAL_TIM_OC_DelayElapsedCallback
                0x000000000800387c       0x14 ./Drivers/STM32F7xx_HAL_Driver/Src/stm32f7xx_hal_tim.o
                0x000000000800387c                HAL_TIM_OC_DelayElapsedCallback
 .text.HAL_TIM_IC_CaptureCallback
                0x0000000008003890       0x14 ./Drivers/STM32F7xx_HAL_Driver/Src/stm32f7xx_hal_tim.o
                0x0000000008003890                HAL_TIM_IC_CaptureCallback
 .text.HAL_TIM_PWM_PulseFinishedCallback
                0x00000000080038a4       0x14 ./Drivers/STM32F7xx_HAL_Driver/Src/stm32f7xx_hal_tim.o
                0x00000000080038a4                HAL_TIM_PWM_PulseFinishedCallback
 .text.HAL_TIM_TriggerCallback
                0x00000000080038b8       0x14 ./Drivers/STM32F7xx_HAL_Driver/Src/stm32f7xx_hal_tim.o
                0x00000000080038b8                HAL_TIM_TriggerCallback
 .text.TIM_Base_SetConfig
                0x00000000080038cc      0x140 ./Drivers/STM32F7xx_HAL_Driver/Src/stm32f7xx_hal_tim.o
                0x00000000080038cc                TIM_Base_SetConfig
 .text.TIM_OC1_SetConfig
                0x0000000008003a0c       0xe4 ./Drivers/STM32F7xx_HAL_Driver/Src/stm32f7xx_hal_tim.o
 .text.TIM_OC2_SetConfig
                0x0000000008003af0       0xf0 ./Drivers/STM32F7xx_HAL_Driver/Src/stm32f7xx_hal_tim.o
                0x0000000008003af0                TIM_OC2_SetConfig
 .text.TIM_OC3_SetConfig
                0x0000000008003be0       0xec ./Drivers/STM32F7xx_HAL_Driver/Src/stm32f7xx_hal_tim.o
 .text.TIM_OC4_SetConfig
                0x0000000008003ccc       0xb0 ./Drivers/STM32F7xx_HAL_Driver/Src/stm32f7xx_hal_tim.o
 .text.TIM_OC5_SetConfig
                0x0000000008003d7c       0xa4 ./Drivers/STM32F7xx_HAL_Driver/Src/stm32f7xx_hal_tim.o
 .text.TIM_OC6_SetConfig
                0x0000000008003e20       0xa8 ./Drivers/STM32F7xx_HAL_Driver/Src/stm32f7xx_hal_tim.o
 .text.HAL_TIMEx_MasterConfigSynchronization
                0x0000000008003ec8      0x11c ./Drivers/STM32F7xx_HAL_Driver/Src/stm32f7xx_hal_tim_ex.o
                0x0000000008003ec8                HAL_TIMEx_MasterConfigSynchronization
 .text.HAL_TIMEx_CommutCallback
                0x0000000008003fe4       0x14 ./Drivers/STM32F7xx_HAL_Driver/Src/stm32f7xx_hal_tim_ex.o
                0x0000000008003fe4                HAL_TIMEx_CommutCallback
 .text.HAL_TIMEx_BreakCallback
                0x0000000008003ff8       0x14 ./Drivers/STM32F7xx_HAL_Driver/Src/stm32f7xx_hal_tim_ex.o
                0x0000000008003ff8                HAL_TIMEx_BreakCallback
 .text.HAL_TIMEx_Break2Callback
                0x000000000800400c       0x14 ./Drivers/STM32F7xx_HAL_Driver/Src/stm32f7xx_hal_tim_ex.o
                0x000000000800400c                HAL_TIMEx_Break2Callback
 .text.HAL_UART_Init
                0x0000000008004020       0x9c ./Drivers/STM32F7xx_HAL_Driver/Src/stm32f7xx_hal_uart.o
                0x0000000008004020                HAL_UART_Init
 .text.HAL_UART_Transmit
                0x00000000080040bc      0x106 ./Drivers/STM32F7xx_HAL_Driver/Src/stm32f7xx_hal_uart.o
                0x00000000080040bc                HAL_UART_Transmit
 .text.HAL_UART_Receive
                0x00000000080041c2      0x188 ./Drivers/STM32F7xx_HAL_Driver/Src/stm32f7xx_hal_uart.o
                0x00000000080041c2                HAL_UART_Receive
 .text.HAL_UART_Receive_IT
                0x000000000800434a       0x88 ./Drivers/STM32F7xx_HAL_Driver/Src/stm32f7xx_hal_uart.o
                0x000000000800434a                HAL_UART_Receive_IT
 *fill*         0x00000000080043d2        0x2 
 .text.HAL_UART_IRQHandler
                0x00000000080043d4      0x5a4 ./Drivers/STM32F7xx_HAL_Driver/Src/stm32f7xx_hal_uart.o
                0x00000000080043d4                HAL_UART_IRQHandler
 .text.HAL_UART_TxCpltCallback
                0x0000000008004978       0x14 ./Drivers/STM32F7xx_HAL_Driver/Src/stm32f7xx_hal_uart.o
                0x0000000008004978                HAL_UART_TxCpltCallback
 .text.HAL_UART_ErrorCallback
                0x000000000800498c       0x14 ./Drivers/STM32F7xx_HAL_Driver/Src/stm32f7xx_hal_uart.o
                0x000000000800498c                HAL_UART_ErrorCallback
 .text.HAL_UARTEx_RxEventCallback
                0x00000000080049a0       0x18 ./Drivers/STM32F7xx_HAL_Driver/Src/stm32f7xx_hal_uart.o
                0x00000000080049a0                HAL_UARTEx_RxEventCallback
 .text.UART_SetConfig
                0x00000000080049b8      0x4c8 ./Drivers/STM32F7xx_HAL_Driver/Src/stm32f7xx_hal_uart.o
                0x00000000080049b8                UART_SetConfig
 .text.UART_AdvFeatureConfig
                0x0000000008004e80      0x144 ./Drivers/STM32F7xx_HAL_Driver/Src/stm32f7xx_hal_uart.o
                0x0000000008004e80                UART_AdvFeatureConfig
 .text.UART_CheckIdleState
                0x0000000008004fc4       0x6e ./Drivers/STM32F7xx_HAL_Driver/Src/stm32f7xx_hal_uart.o
                0x0000000008004fc4                UART_CheckIdleState
 .text.UART_WaitOnFlagUntilTimeout
                0x0000000008005032      0x18c ./Drivers/STM32F7xx_HAL_Driver/Src/stm32f7xx_hal_uart.o
                0x0000000008005032                UART_WaitOnFlagUntilTimeout
 *fill*         0x00000000080051be        0x2 
 .text.UART_Start_Receive_IT
                0x00000000080051c0      0x18c ./Drivers/STM32F7xx_HAL_Driver/Src/stm32f7xx_hal_uart.o
                0x00000000080051c0                UART_Start_Receive_IT
 .text.UART_EndRxTransfer
                0x000000000800534c       0xc8 ./Drivers/STM32F7xx_HAL_Driver/Src/stm32f7xx_hal_uart.o
 .text.UART_DMAAbortOnError
                0x0000000008005414       0x2c ./Drivers/STM32F7xx_HAL_Driver/Src/stm32f7xx_hal_uart.o
 .text.UART_EndTransmit_IT
                0x0000000008005440       0x54 ./Drivers/STM32F7xx_HAL_Driver/Src/stm32f7xx_hal_uart.o
 .text.UART_RxISR_8BIT
                0x0000000008005494      0x166 ./Drivers/STM32F7xx_HAL_Driver/Src/stm32f7xx_hal_uart.o
 .text.UART_RxISR_16BIT
                0x00000000080055fa      0x166 ./Drivers/STM32F7xx_HAL_Driver/Src/stm32f7xx_hal_uart.o
 .text.memset   0x0000000008005760       0x10 C:/ST/STM32CubeIDE_1.13.0/STM32CubeIDE/plugins/com.st.stm32cube.ide.mcu.externaltools.gnu-tools-for-stm32.11.3.rel1.win32_1.1.0.202305231506/tools/bin/../lib/gcc/arm-none-eabi/11.3.1/../../../../arm-none-eabi/lib/thumb/v7e-m+fp/hard\libc_nano.a(libc_a-memset.o)
                0x0000000008005760                memset
 .text.__libc_init_array
                0x0000000008005770       0x48 C:/ST/STM32CubeIDE_1.13.0/STM32CubeIDE/plugins/com.st.stm32cube.ide.mcu.externaltools.gnu-tools-for-stm32.11.3.rel1.win32_1.1.0.202305231506/tools/bin/../lib/gcc/arm-none-eabi/11.3.1/../../../../arm-none-eabi/lib/thumb/v7e-m+fp/hard\libc_nano.a(libc_a-init.o)
                0x0000000008005770                __libc_init_array
 .text.memcpy   0x00000000080057b8       0x1c C:/ST/STM32CubeIDE_1.13.0/STM32CubeIDE/plugins/com.st.stm32cube.ide.mcu.externaltools.gnu-tools-for-stm32.11.3.rel1.win32_1.1.0.202305231506/tools/bin/../lib/gcc/arm-none-eabi/11.3.1/../../../../arm-none-eabi/lib/thumb/v7e-m+fp/hard\libc_nano.a(libc_a-memcpy-stub.o)
                0x00000000080057b8                memcpy
 *(.glue_7)
 .glue_7        0x00000000080057d4        0x0 linker stubs
 *(.glue_7t)
 .glue_7t       0x00000000080057d4        0x0 linker stubs
 *(.eh_frame)
 .eh_frame      0x00000000080057d4        0x0 C:/ST/STM32CubeIDE_1.13.0/STM32CubeIDE/plugins/com.st.stm32cube.ide.mcu.externaltools.gnu-tools-for-stm32.11.3.rel1.win32_1.1.0.202305231506/tools/bin/../lib/gcc/arm-none-eabi/11.3.1/thumb/v7e-m+fp/hard/crtbegin.o
 *(.init)
 .init          0x00000000080057d4        0x4 C:/ST/STM32CubeIDE_1.13.0/STM32CubeIDE/plugins/com.st.stm32cube.ide.mcu.externaltools.gnu-tools-for-stm32.11.3.rel1.win32_1.1.0.202305231506/tools/bin/../lib/gcc/arm-none-eabi/11.3.1/thumb/v7e-m+fp/hard/crti.o
                0x00000000080057d4                _init
 .init          0x00000000080057d8        0x8 C:/ST/STM32CubeIDE_1.13.0/STM32CubeIDE/plugins/com.st.stm32cube.ide.mcu.externaltools.gnu-tools-for-stm32.11.3.rel1.win32_1.1.0.202305231506/tools/bin/../lib/gcc/arm-none-eabi/11.3.1/thumb/v7e-m+fp/hard/crtn.o
 *(.fini)
 .fini          0x00000000080057e0        0x4 C:/ST/STM32CubeIDE_1.13.0/STM32CubeIDE/plugins/com.st.stm32cube.ide.mcu.externaltools.gnu-tools-for-stm32.11.3.rel1.win32_1.1.0.202305231506/tools/bin/../lib/gcc/arm-none-eabi/11.3.1/thumb/v7e-m+fp/hard/crti.o
                0x00000000080057e0                _fini
 .fini          0x00000000080057e4        0x8 C:/ST/STM32CubeIDE_1.13.0/STM32CubeIDE/plugins/com.st.stm32cube.ide.mcu.externaltools.gnu-tools-for-stm32.11.3.rel1.win32_1.1.0.202305231506/tools/bin/../lib/gcc/arm-none-eabi/11.3.1/thumb/v7e-m+fp/hard/crtn.o
                0x00000000080057ec                . = ALIGN (0x4)
                0x00000000080057ec                _etext = .

.vfp11_veneer   0x00000000080057ec        0x0
 .vfp11_veneer  0x00000000080057ec        0x0 linker stubs

.v4_bx          0x00000000080057ec        0x0
 .v4_bx         0x00000000080057ec        0x0 linker stubs

.iplt           0x00000000080057ec        0x0
 .iplt          0x00000000080057ec        0x0 C:/ST/STM32CubeIDE_1.13.0/STM32CubeIDE/plugins/com.st.stm32cube.ide.mcu.externaltools.gnu-tools-for-stm32.11.3.rel1.win32_1.1.0.202305231506/tools/bin/../lib/gcc/arm-none-eabi/11.3.1/thumb/v7e-m+fp/hard/crtbegin.o

.rodata         0x00000000080057ec       0x24
                0x00000000080057ec                . = ALIGN (0x4)
 *(.rodata)
 .rodata        0x00000000080057ec        0x4 ./Core/Src/main.o
 *(.rodata*)
 .rodata.AHBPrescTable
                0x00000000080057f0       0x10 ./Core/Src/system_stm32f7xx.o
                0x00000000080057f0                AHBPrescTable
 .rodata.APBPrescTable
                0x0000000008005800        0x8 ./Core/Src/system_stm32f7xx.o
                0x0000000008005800                APBPrescTable
 .rodata.flagBitshiftOffset.0
                0x0000000008005808        0x8 ./Drivers/STM32F7xx_HAL_Driver/Src/stm32f7xx_hal_dma.o
                0x0000000008005810                . = ALIGN (0x4)

.ARM.extab      0x0000000008005810        0x0
                0x0000000008005810                . = ALIGN (0x4)
 *(.ARM.extab* .gnu.linkonce.armextab.*)
                0x0000000008005810                . = ALIGN (0x4)

.ARM            0x0000000008005810        0x8
                0x0000000008005810                . = ALIGN (0x4)
                0x0000000008005810                __exidx_start = .
 *(.ARM.exidx*)
 .ARM.exidx     0x0000000008005810        0x8 C:/ST/STM32CubeIDE_1.13.0/STM32CubeIDE/plugins/com.st.stm32cube.ide.mcu.externaltools.gnu-tools-for-stm32.11.3.rel1.win32_1.1.0.202305231506/tools/bin/../lib/gcc/arm-none-eabi/11.3.1/thumb/v7e-m+fp/hard\libgcc.a(_udivmoddi4.o)
                0x0000000008005818                __exidx_end = .
                0x0000000008005818                . = ALIGN (0x4)

.rel.dyn        0x0000000008005818        0x0
 .rel.iplt      0x0000000008005818        0x0 C:/ST/STM32CubeIDE_1.13.0/STM32CubeIDE/plugins/com.st.stm32cube.ide.mcu.externaltools.gnu-tools-for-stm32.11.3.rel1.win32_1.1.0.202305231506/tools/bin/../lib/gcc/arm-none-eabi/11.3.1/thumb/v7e-m+fp/hard/crtbegin.o

.preinit_array  0x0000000008005818        0x0
                0x0000000008005818                . = ALIGN (0x4)
                0x0000000008005818                PROVIDE (__preinit_array_start = .)
 *(.preinit_array*)
                0x0000000008005818                PROVIDE (__preinit_array_end = .)
                0x0000000008005818                . = ALIGN (0x4)

.init_array     0x0000000008005818        0x4
                0x0000000008005818                . = ALIGN (0x4)
                0x0000000008005818                PROVIDE (__init_array_start = .)
 *(SORT_BY_NAME(.init_array.*))
 *(.init_array*)
 .init_array    0x0000000008005818        0x4 C:/ST/STM32CubeIDE_1.13.0/STM32CubeIDE/plugins/com.st.stm32cube.ide.mcu.externaltools.gnu-tools-for-stm32.11.3.rel1.win32_1.1.0.202305231506/tools/bin/../lib/gcc/arm-none-eabi/11.3.1/thumb/v7e-m+fp/hard/crtbegin.o
                0x000000000800581c                PROVIDE (__init_array_end = .)
                0x000000000800581c                . = ALIGN (0x4)

.fini_array     0x000000000800581c        0x4
                0x000000000800581c                . = ALIGN (0x4)
                [!provide]                        PROVIDE (__fini_array_start = .)
 *(SORT_BY_NAME(.fini_array.*))
 *(.fini_array*)
 .fini_array    0x000000000800581c        0x4 C:/ST/STM32CubeIDE_1.13.0/STM32CubeIDE/plugins/com.st.stm32cube.ide.mcu.externaltools.gnu-tools-for-stm32.11.3.rel1.win32_1.1.0.202305231506/tools/bin/../lib/gcc/arm-none-eabi/11.3.1/thumb/v7e-m+fp/hard/crtbegin.o
                [!provide]                        PROVIDE (__fini_array_end = .)
                0x0000000008005820                . = ALIGN (0x4)
                0x0000000008005820                _sidata = LOADADDR (.data)

.data           0x0000000020000000        0xc load address 0x0000000008005820
                0x0000000020000000                . = ALIGN (0x4)
                0x0000000020000000                _sdata = .
 *(.data)
 *(.data*)
 .data.SystemCoreClock
                0x0000000020000000        0x4 ./Core/Src/system_stm32f7xx.o
                0x0000000020000000                SystemCoreClock
 .data.uwTickPrio
                0x0000000020000004        0x4 ./Drivers/STM32F7xx_HAL_Driver/Src/stm32f7xx_hal.o
                0x0000000020000004                uwTickPrio
 .data.uwTickFreq
                0x0000000020000008        0x1 ./Drivers/STM32F7xx_HAL_Driver/Src/stm32f7xx_hal.o
                0x0000000020000008                uwTickFreq
 *(.RamFunc)
 *(.RamFunc*)
                0x000000002000000c                . = ALIGN (0x4)
 *fill*         0x0000000020000009        0x3 
                0x000000002000000c                _edata = .

.igot.plt       0x000000002000000c        0x0 load address 0x000000000800582c
 .igot.plt      0x000000002000000c        0x0 C:/ST/STM32CubeIDE_1.13.0/STM32CubeIDE/plugins/com.st.stm32cube.ide.mcu.externaltools.gnu-tools-for-stm32.11.3.rel1.win32_1.1.0.202305231506/tools/bin/../lib/gcc/arm-none-eabi/11.3.1/thumb/v7e-m+fp/hard/crtbegin.o
                0x000000002000000c                . = ALIGN (0x4)

.bss            0x000000002000000c      0x328 load address 0x000000000800582c
                0x000000002000000c                _sbss = .
                0x000000002000000c                __bss_start__ = _sbss
 *(.bss)
 .bss           0x000000002000000c       0x1c C:/ST/STM32CubeIDE_1.13.0/STM32CubeIDE/plugins/com.st.stm32cube.ide.mcu.externaltools.gnu-tools-for-stm32.11.3.rel1.win32_1.1.0.202305231506/tools/bin/../lib/gcc/arm-none-eabi/11.3.1/thumb/v7e-m+fp/hard/crtbegin.o
 *(.bss*)
 .bss.mEventData
                0x0000000020000028      0x100 ./Core/Src/dataStatus.o
                0x0000000020000028                mEventData
 .bss.mEVENTDataCnt
                0x0000000020000128        0x1 ./Core/Src/dataStatus.o
                0x0000000020000128                mEVENTDataCnt
 .bss.txData    0x0000000020000129        0x1 ./Core/Src/main.o
                0x0000000020000129                txData
 .bss.rxData    0x000000002000012a        0x1 ./Core/Src/main.o
                0x000000002000012a                rxData
 *fill*         0x000000002000012b        0x1 
 .bss.hadc3     0x000000002000012c       0x48 ./Core/Src/main.o
                0x000000002000012c                hadc3
 .bss.hdma_adc3
                0x0000000020000174       0x60 ./Core/Src/main.o
                0x0000000020000174                hdma_adc3
 .bss.htim5     0x00000000200001d4       0x4c ./Core/Src/main.o
                0x00000000200001d4                htim5
 .bss.huart5    0x0000000020000220       0x88 ./Core/Src/main.o
                0x0000000020000220                huart5
 .bss.huart2    0x00000000200002a8       0x88 ./Core/Src/main.o
                0x00000000200002a8                huart2
 .bss.uwTick    0x0000000020000330        0x4 ./Drivers/STM32F7xx_HAL_Driver/Src/stm32f7xx_hal.o
                0x0000000020000330                uwTick
 *(COMMON)
                0x0000000020000334                . = ALIGN (0x4)
                0x0000000020000334                _ebss = .
                0x0000000020000334                __bss_end__ = _ebss

._user_heap_stack
                0x0000000020000334      0x604 load address 0x000000000800582c
                0x0000000020000338                . = ALIGN (0x8)
 *fill*         0x0000000020000334        0x4 
                [!provide]                        PROVIDE (end = .)
                0x0000000020000338                PROVIDE (_end = .)
                0x0000000020000538                . = (. + _Min_Heap_Size)
 *fill*         0x0000000020000338      0x200 
                0x0000000020000938                . = (. + _Min_Stack_Size)
 *fill*         0x0000000020000538      0x400 
                0x0000000020000938                . = ALIGN (0x8)

/DISCARD/
 libc.a(*)
 libm.a(*)
 libgcc.a(*)

.ARM.attributes
                0x0000000000000000       0x30
 *(.ARM.attributes)
 .ARM.attributes
                0x0000000000000000       0x1e C:/ST/STM32CubeIDE_1.13.0/STM32CubeIDE/plugins/com.st.stm32cube.ide.mcu.externaltools.gnu-tools-for-stm32.11.3.rel1.win32_1.1.0.202305231506/tools/bin/../lib/gcc/arm-none-eabi/11.3.1/thumb/v7e-m+fp/hard/crti.o
 .ARM.attributes
                0x000000000000001e       0x34 C:/ST/STM32CubeIDE_1.13.0/STM32CubeIDE/plugins/com.st.stm32cube.ide.mcu.externaltools.gnu-tools-for-stm32.11.3.rel1.win32_1.1.0.202305231506/tools/bin/../lib/gcc/arm-none-eabi/11.3.1/thumb/v7e-m+fp/hard/crtbegin.o
 .ARM.attributes
                0x0000000000000052       0x34 ./Core/Src/dataStatus.o
 .ARM.attributes
                0x0000000000000086       0x34 ./Core/Src/main.o
 .ARM.attributes
                0x00000000000000ba       0x34 ./Core/Src/stm32f7xx_hal_msp.o
 .ARM.attributes
                0x00000000000000ee       0x34 ./Core/Src/stm32f7xx_it.o
 .ARM.attributes
                0x0000000000000122       0x34 ./Core/Src/system_stm32f7xx.o
 .ARM.attributes
                0x0000000000000156       0x21 ./Core/Startup/startup_stm32f756zgtx.o
 .ARM.attributes
                0x0000000000000177       0x34 ./Drivers/STM32F7xx_HAL_Driver/Src/stm32f7xx_hal.o
 .ARM.attributes
                0x00000000000001ab       0x34 ./Drivers/STM32F7xx_HAL_Driver/Src/stm32f7xx_hal_adc.o
 .ARM.attributes
                0x00000000000001df       0x34 ./Drivers/STM32F7xx_HAL_Driver/Src/stm32f7xx_hal_cortex.o
 .ARM.attributes
                0x0000000000000213       0x34 ./Drivers/STM32F7xx_HAL_Driver/Src/stm32f7xx_hal_dma.o
 .ARM.attributes
                0x0000000000000247       0x34 ./Drivers/STM32F7xx_HAL_Driver/Src/stm32f7xx_hal_gpio.o
 .ARM.attributes
                0x000000000000027b       0x34 ./Drivers/STM32F7xx_HAL_Driver/Src/stm32f7xx_hal_pwr.o
 .ARM.attributes
                0x00000000000002af       0x34 ./Drivers/STM32F7xx_HAL_Driver/Src/stm32f7xx_hal_pwr_ex.o
 .ARM.attributes
                0x00000000000002e3       0x34 ./Drivers/STM32F7xx_HAL_Driver/Src/stm32f7xx_hal_rcc.o
 .ARM.attributes
                0x0000000000000317       0x34 ./Drivers/STM32F7xx_HAL_Driver/Src/stm32f7xx_hal_rcc_ex.o
 .ARM.attributes
                0x000000000000034b       0x34 ./Drivers/STM32F7xx_HAL_Driver/Src/stm32f7xx_hal_tim.o
 .ARM.attributes
                0x000000000000037f       0x34 ./Drivers/STM32F7xx_HAL_Driver/Src/stm32f7xx_hal_tim_ex.o
 .ARM.attributes
                0x00000000000003b3       0x34 ./Drivers/STM32F7xx_HAL_Driver/Src/stm32f7xx_hal_uart.o
 .ARM.attributes
                0x00000000000003e7       0x34 C:/ST/STM32CubeIDE_1.13.0/STM32CubeIDE/plugins/com.st.stm32cube.ide.mcu.externaltools.gnu-tools-for-stm32.11.3.rel1.win32_1.1.0.202305231506/tools/bin/../lib/gcc/arm-none-eabi/11.3.1/../../../../arm-none-eabi/lib/thumb/v7e-m+fp/hard\libc_nano.a(libc_a-memset.o)
 .ARM.attributes
                0x000000000000041b       0x34 C:/ST/STM32CubeIDE_1.13.0/STM32CubeIDE/plugins/com.st.stm32cube.ide.mcu.externaltools.gnu-tools-for-stm32.11.3.rel1.win32_1.1.0.202305231506/tools/bin/../lib/gcc/arm-none-eabi/11.3.1/../../../../arm-none-eabi/lib/thumb/v7e-m+fp/hard\libc_nano.a(libc_a-init.o)
 .ARM.attributes
                0x000000000000044f       0x34 C:/ST/STM32CubeIDE_1.13.0/STM32CubeIDE/plugins/com.st.stm32cube.ide.mcu.externaltools.gnu-tools-for-stm32.11.3.rel1.win32_1.1.0.202305231506/tools/bin/../lib/gcc/arm-none-eabi/11.3.1/../../../../arm-none-eabi/lib/thumb/v7e-m+fp/hard\libc_nano.a(libc_a-memcpy-stub.o)
 .ARM.attributes
                0x0000000000000483       0x1e C:/ST/STM32CubeIDE_1.13.0/STM32CubeIDE/plugins/com.st.stm32cube.ide.mcu.externaltools.gnu-tools-for-stm32.11.3.rel1.win32_1.1.0.202305231506/tools/bin/../lib/gcc/arm-none-eabi/11.3.1/thumb/v7e-m+fp/hard\libgcc.a(_aeabi_uldivmod.o)
 .ARM.attributes
                0x00000000000004a1       0x34 C:/ST/STM32CubeIDE_1.13.0/STM32CubeIDE/plugins/com.st.stm32cube.ide.mcu.externaltools.gnu-tools-for-stm32.11.3.rel1.win32_1.1.0.202305231506/tools/bin/../lib/gcc/arm-none-eabi/11.3.1/thumb/v7e-m+fp/hard\libgcc.a(_udivmoddi4.o)
 .ARM.attributes
                0x00000000000004d5       0x1e C:/ST/STM32CubeIDE_1.13.0/STM32CubeIDE/plugins/com.st.stm32cube.ide.mcu.externaltools.gnu-tools-for-stm32.11.3.rel1.win32_1.1.0.202305231506/tools/bin/../lib/gcc/arm-none-eabi/11.3.1/thumb/v7e-m+fp/hard\libgcc.a(_dvmd_tls.o)
 .ARM.attributes
                0x00000000000004f3       0x1e C:/ST/STM32CubeIDE_1.13.0/STM32CubeIDE/plugins/com.st.stm32cube.ide.mcu.externaltools.gnu-tools-for-stm32.11.3.rel1.win32_1.1.0.202305231506/tools/bin/../lib/gcc/arm-none-eabi/11.3.1/thumb/v7e-m+fp/hard/crtn.o
OUTPUT(prj756.elf elf32-littlearm)
LOAD linker stubs
LOAD C:/ST/STM32CubeIDE_1.13.0/STM32CubeIDE/plugins/com.st.stm32cube.ide.mcu.externaltools.gnu-tools-for-stm32.11.3.rel1.win32_1.1.0.202305231506/tools/bin/../lib/gcc/arm-none-eabi/11.3.1/../../../../arm-none-eabi/lib/thumb/v7e-m+fp/hard\libc.a
LOAD C:/ST/STM32CubeIDE_1.13.0/STM32CubeIDE/plugins/com.st.stm32cube.ide.mcu.externaltools.gnu-tools-for-stm32.11.3.rel1.win32_1.1.0.202305231506/tools/bin/../lib/gcc/arm-none-eabi/11.3.1/../../../../arm-none-eabi/lib/thumb/v7e-m+fp/hard\libm.a
LOAD C:/ST/STM32CubeIDE_1.13.0/STM32CubeIDE/plugins/com.st.stm32cube.ide.mcu.externaltools.gnu-tools-for-stm32.11.3.rel1.win32_1.1.0.202305231506/tools/bin/../lib/gcc/arm-none-eabi/11.3.1/thumb/v7e-m+fp/hard\libgcc.a

.comment        0x0000000000000000       0x43
 .comment       0x0000000000000000       0x43 C:/ST/STM32CubeIDE_1.13.0/STM32CubeIDE/plugins/com.st.stm32cube.ide.mcu.externaltools.gnu-tools-for-stm32.11.3.rel1.win32_1.1.0.202305231506/tools/bin/../lib/gcc/arm-none-eabi/11.3.1/thumb/v7e-m+fp/hard/crtbegin.o
                                         0x44 (size before relaxing)
 .comment       0x0000000000000043       0x44 ./Core/Src/dataStatus.o
 .comment       0x0000000000000043       0x44 ./Core/Src/main.o
 .comment       0x0000000000000043       0x44 ./Core/Src/stm32f7xx_hal_msp.o
 .comment       0x0000000000000043       0x44 ./Core/Src/stm32f7xx_it.o
 .comment       0x0000000000000043       0x44 ./Core/Src/system_stm32f7xx.o
 .comment       0x0000000000000043       0x44 ./Drivers/STM32F7xx_HAL_Driver/Src/stm32f7xx_hal.o
 .comment       0x0000000000000043       0x44 ./Drivers/STM32F7xx_HAL_Driver/Src/stm32f7xx_hal_adc.o
 .comment       0x0000000000000043       0x44 ./Drivers/STM32F7xx_HAL_Driver/Src/stm32f7xx_hal_cortex.o
 .comment       0x0000000000000043       0x44 ./Drivers/STM32F7xx_HAL_Driver/Src/stm32f7xx_hal_dma.o
 .comment       0x0000000000000043       0x44 ./Drivers/STM32F7xx_HAL_Driver/Src/stm32f7xx_hal_gpio.o
 .comment       0x0000000000000043       0x44 ./Drivers/STM32F7xx_HAL_Driver/Src/stm32f7xx_hal_pwr.o
 .comment       0x0000000000000043       0x44 ./Drivers/STM32F7xx_HAL_Driver/Src/stm32f7xx_hal_pwr_ex.o
 .comment       0x0000000000000043       0x44 ./Drivers/STM32F7xx_HAL_Driver/Src/stm32f7xx_hal_rcc.o
 .comment       0x0000000000000043       0x44 ./Drivers/STM32F7xx_HAL_Driver/Src/stm32f7xx_hal_rcc_ex.o
 .comment       0x0000000000000043       0x44 ./Drivers/STM32F7xx_HAL_Driver/Src/stm32f7xx_hal_tim.o
 .comment       0x0000000000000043       0x44 ./Drivers/STM32F7xx_HAL_Driver/Src/stm32f7xx_hal_tim_ex.o
 .comment       0x0000000000000043       0x44 ./Drivers/STM32F7xx_HAL_Driver/Src/stm32f7xx_hal_uart.o

.debug_info     0x0000000000000000    0x11629
 .debug_info    0x0000000000000000      0x1a3 ./Core/Src/dataStatus.o
 .debug_info    0x00000000000001a3     0x1a0f ./Core/Src/main.o
 .debug_info    0x0000000000001bb2     0x16d3 ./Core/Src/stm32f7xx_hal_msp.o
 .debug_info    0x0000000000003285      0xb06 ./Core/Src/stm32f7xx_it.o
 .debug_info    0x0000000000003d8b      0x6ed ./Core/Src/system_stm32f7xx.o
 .debug_info    0x0000000000004478       0x23 ./Core/Startup/startup_stm32f756zgtx.o
 .debug_info    0x000000000000449b      0x9de ./Drivers/STM32F7xx_HAL_Driver/Src/stm32f7xx_hal.o
 .debug_info    0x0000000000004e79      0xc83 ./Drivers/STM32F7xx_HAL_Driver/Src/stm32f7xx_hal_adc.o
 .debug_info    0x0000000000005afc      0xf4f ./Drivers/STM32F7xx_HAL_Driver/Src/stm32f7xx_hal_cortex.o
 .debug_info    0x0000000000006a4b      0x8e7 ./Drivers/STM32F7xx_HAL_Driver/Src/stm32f7xx_hal_dma.o
 .debug_info    0x0000000000007332      0x6e7 ./Drivers/STM32F7xx_HAL_Driver/Src/stm32f7xx_hal_gpio.o
 .debug_info    0x0000000000007a19      0x90e ./Drivers/STM32F7xx_HAL_Driver/Src/stm32f7xx_hal_pwr.o
 .debug_info    0x0000000000008327      0x8cd ./Drivers/STM32F7xx_HAL_Driver/Src/stm32f7xx_hal_pwr_ex.o
 .debug_info    0x0000000000008bf4      0x8dc ./Drivers/STM32F7xx_HAL_Driver/Src/stm32f7xx_hal_rcc.o
 .debug_info    0x00000000000094d0      0x6bd ./Drivers/STM32F7xx_HAL_Driver/Src/stm32f7xx_hal_rcc_ex.o
 .debug_info    0x0000000000009b8d     0x2a9a ./Drivers/STM32F7xx_HAL_Driver/Src/stm32f7xx_hal_tim.o
 .debug_info    0x000000000000c627     0x15bb ./Drivers/STM32F7xx_HAL_Driver/Src/stm32f7xx_hal_tim_ex.o
 .debug_info    0x000000000000dbe2     0x3a47 ./Drivers/STM32F7xx_HAL_Driver/Src/stm32f7xx_hal_uart.o

.debug_abbrev   0x0000000000000000     0x24ee
 .debug_abbrev  0x0000000000000000      0x121 ./Core/Src/dataStatus.o
 .debug_abbrev  0x0000000000000121      0x2f8 ./Core/Src/main.o
 .debug_abbrev  0x0000000000000419      0x25b ./Core/Src/stm32f7xx_hal_msp.o
 .debug_abbrev  0x0000000000000674      0x19b ./Core/Src/stm32f7xx_it.o
 .debug_abbrev  0x000000000000080f      0x13b ./Core/Src/system_stm32f7xx.o
 .debug_abbrev  0x000000000000094a       0x12 ./Core/Startup/startup_stm32f756zgtx.o
 .debug_abbrev  0x000000000000095c      0x213 ./Drivers/STM32F7xx_HAL_Driver/Src/stm32f7xx_hal.o
 .debug_abbrev  0x0000000000000b6f      0x252 ./Drivers/STM32F7xx_HAL_Driver/Src/stm32f7xx_hal_adc.o
 .debug_abbrev  0x0000000000000dc1      0x329 ./Drivers/STM32F7xx_HAL_Driver/Src/stm32f7xx_hal_cortex.o
 .debug_abbrev  0x00000000000010ea      0x264 ./Drivers/STM32F7xx_HAL_Driver/Src/stm32f7xx_hal_dma.o
 .debug_abbrev  0x000000000000134e      0x1d4 ./Drivers/STM32F7xx_HAL_Driver/Src/stm32f7xx_hal_gpio.o
 .debug_abbrev  0x0000000000001522      0x1c5 ./Drivers/STM32F7xx_HAL_Driver/Src/stm32f7xx_hal_pwr.o
 .debug_abbrev  0x00000000000016e7      0x1d5 ./Drivers/STM32F7xx_HAL_Driver/Src/stm32f7xx_hal_pwr_ex.o
 .debug_abbrev  0x00000000000018bc      0x288 ./Drivers/STM32F7xx_HAL_Driver/Src/stm32f7xx_hal_rcc.o
 .debug_abbrev  0x0000000000001b44      0x1c9 ./Drivers/STM32F7xx_HAL_Driver/Src/stm32f7xx_hal_rcc_ex.o
 .debug_abbrev  0x0000000000001d0d      0x278 ./Drivers/STM32F7xx_HAL_Driver/Src/stm32f7xx_hal_tim.o
 .debug_abbrev  0x0000000000001f85      0x283 ./Drivers/STM32F7xx_HAL_Driver/Src/stm32f7xx_hal_tim_ex.o
 .debug_abbrev  0x0000000000002208      0x2e6 ./Drivers/STM32F7xx_HAL_Driver/Src/stm32f7xx_hal_uart.o

.debug_aranges  0x0000000000000000      0xf20
 .debug_aranges
                0x0000000000000000       0x30 ./Core/Src/dataStatus.o
 .debug_aranges
                0x0000000000000030       0x70 ./Core/Src/main.o
 .debug_aranges
                0x00000000000000a0       0x50 ./Core/Src/stm32f7xx_hal_msp.o
 .debug_aranges
                0x00000000000000f0       0x80 ./Core/Src/stm32f7xx_it.o
 .debug_aranges
                0x0000000000000170       0x28 ./Core/Src/system_stm32f7xx.o
 .debug_aranges
                0x0000000000000198       0x28 ./Core/Startup/startup_stm32f756zgtx.o
 .debug_aranges
                0x00000000000001c0      0x100 ./Drivers/STM32F7xx_HAL_Driver/Src/stm32f7xx_hal.o
 .debug_aranges
                0x00000000000002c0       0xe8 ./Drivers/STM32F7xx_HAL_Driver/Src/stm32f7xx_hal_adc.o
 .debug_aranges
                0x00000000000003a8      0x118 ./Drivers/STM32F7xx_HAL_Driver/Src/stm32f7xx_hal_cortex.o
 .debug_aranges
                0x00000000000004c0       0x90 ./Drivers/STM32F7xx_HAL_Driver/Src/stm32f7xx_hal_dma.o
 .debug_aranges
                0x0000000000000550       0x58 ./Drivers/STM32F7xx_HAL_Driver/Src/stm32f7xx_hal_gpio.o
 .debug_aranges
                0x00000000000005a8       0xa0 ./Drivers/STM32F7xx_HAL_Driver/Src/stm32f7xx_hal_pwr.o
 .debug_aranges
                0x0000000000000648       0x80 ./Drivers/STM32F7xx_HAL_Driver/Src/stm32f7xx_hal_pwr_ex.o
 .debug_aranges
                0x00000000000006c8       0x88 ./Drivers/STM32F7xx_HAL_Driver/Src/stm32f7xx_hal_rcc.o
 .debug_aranges
                0x0000000000000750       0x50 ./Drivers/STM32F7xx_HAL_Driver/Src/stm32f7xx_hal_rcc_ex.o
 .debug_aranges
                0x00000000000007a0      0x3e0 ./Drivers/STM32F7xx_HAL_Driver/Src/stm32f7xx_hal_tim.o
 .debug_aranges
                0x0000000000000b80      0x178 ./Drivers/STM32F7xx_HAL_Driver/Src/stm32f7xx_hal_tim_ex.o
 .debug_aranges
                0x0000000000000cf8      0x228 ./Drivers/STM32F7xx_HAL_Driver/Src/stm32f7xx_hal_uart.o

.debug_rnglists
                0x0000000000000000      0xbcf
 .debug_rnglists
                0x0000000000000000       0x1f ./Core/Src/dataStatus.o
 .debug_rnglists
                0x000000000000001f       0x54 ./Core/Src/main.o
 .debug_rnglists
                0x0000000000000073       0x39 ./Core/Src/stm32f7xx_hal_msp.o
 .debug_rnglists
                0x00000000000000ac       0x5b ./Core/Src/stm32f7xx_it.o
 .debug_rnglists
                0x0000000000000107       0x1a ./Core/Src/system_stm32f7xx.o
 .debug_rnglists
                0x0000000000000121       0x19 ./Core/Startup/startup_stm32f756zgtx.o
 .debug_rnglists
                0x000000000000013a       0xbb ./Drivers/STM32F7xx_HAL_Driver/Src/stm32f7xx_hal.o
 .debug_rnglists
                0x00000000000001f5       0xb5 ./Drivers/STM32F7xx_HAL_Driver/Src/stm32f7xx_hal_adc.o
 .debug_rnglists
                0x00000000000002aa       0xce ./Drivers/STM32F7xx_HAL_Driver/Src/stm32f7xx_hal_cortex.o
 .debug_rnglists
                0x0000000000000378       0x70 ./Drivers/STM32F7xx_HAL_Driver/Src/stm32f7xx_hal_dma.o
 .debug_rnglists
                0x00000000000003e8       0x3f ./Drivers/STM32F7xx_HAL_Driver/Src/stm32f7xx_hal_gpio.o
 .debug_rnglists
                0x0000000000000427       0x74 ./Drivers/STM32F7xx_HAL_Driver/Src/stm32f7xx_hal_pwr.o
 .debug_rnglists
                0x000000000000049b       0x5f ./Drivers/STM32F7xx_HAL_Driver/Src/stm32f7xx_hal_pwr_ex.o
 .debug_rnglists
                0x00000000000004fa       0x67 ./Drivers/STM32F7xx_HAL_Driver/Src/stm32f7xx_hal_rcc.o
 .debug_rnglists
                0x0000000000000561       0x3c ./Drivers/STM32F7xx_HAL_Driver/Src/stm32f7xx_hal_rcc_ex.o
 .debug_rnglists
                0x000000000000059d      0x328 ./Drivers/STM32F7xx_HAL_Driver/Src/stm32f7xx_hal_tim.o
 .debug_rnglists
                0x00000000000008c5      0x131 ./Drivers/STM32F7xx_HAL_Driver/Src/stm32f7xx_hal_tim_ex.o
 .debug_rnglists
                0x00000000000009f6      0x1d9 ./Drivers/STM32F7xx_HAL_Driver/Src/stm32f7xx_hal_uart.o

.debug_macro    0x0000000000000000    0x26f91
 .debug_macro   0x0000000000000000      0x10f ./Core/Src/dataStatus.o
 .debug_macro   0x000000000000010f      0xaa8 ./Core/Src/dataStatus.o
 .debug_macro   0x0000000000000bb7       0x22 ./Core/Src/dataStatus.o
 .debug_macro   0x0000000000000bd9       0x5b ./Core/Src/dataStatus.o
 .debug_macro   0x0000000000000c34       0x2a ./Core/Src/dataStatus.o
 .debug_macro   0x0000000000000c5e       0x94 ./Core/Src/dataStatus.o
 .debug_macro   0x0000000000000cf2       0x43 ./Core/Src/dataStatus.o
 .debug_macro   0x0000000000000d35       0x34 ./Core/Src/dataStatus.o
 .debug_macro   0x0000000000000d69      0x174 ./Core/Src/dataStatus.o
 .debug_macro   0x0000000000000edd       0x16 ./Core/Src/dataStatus.o
 .debug_macro   0x0000000000000ef3       0x43 ./Core/Src/dataStatus.o
 .debug_macro   0x0000000000000f36       0x57 ./Core/Src/dataStatus.o
 .debug_macro   0x0000000000000f8d       0x34 ./Core/Src/dataStatus.o
 .debug_macro   0x0000000000000fc1       0x10 ./Core/Src/dataStatus.o
 .debug_macro   0x0000000000000fd1       0x58 ./Core/Src/dataStatus.o
 .debug_macro   0x0000000000001029       0x8e ./Core/Src/dataStatus.o
 .debug_macro   0x00000000000010b7       0x1c ./Core/Src/dataStatus.o
 .debug_macro   0x00000000000010d3      0x177 ./Core/Src/dataStatus.o
 .debug_macro   0x000000000000124a      0x369 ./Core/Src/dataStatus.o
 .debug_macro   0x00000000000015b3       0x10 ./Core/Src/dataStatus.o
 .debug_macro   0x00000000000015c3       0x35 ./Core/Src/dataStatus.o
 .debug_macro   0x00000000000015f8       0x20 ./Core/Src/dataStatus.o
 .debug_macro   0x0000000000001618      0x214 ./Core/Src/main.o
 .debug_macro   0x000000000000182c      0x299 ./Core/Src/main.o
 .debug_macro   0x0000000000001ac5       0x2e ./Core/Src/main.o
 .debug_macro   0x0000000000001af3       0x3b ./Core/Src/main.o
 .debug_macro   0x0000000000001b2e       0x8e ./Core/Src/main.o
 .debug_macro   0x0000000000001bbc       0x51 ./Core/Src/main.o
 .debug_macro   0x0000000000001c0d      0x103 ./Core/Src/main.o
 .debug_macro   0x0000000000001d10       0x6a ./Core/Src/main.o
 .debug_macro   0x0000000000001d7a      0x1df ./Core/Src/main.o
 .debug_macro   0x0000000000001f59       0x1c ./Core/Src/main.o
 .debug_macro   0x0000000000001f75       0x22 ./Core/Src/main.o
 .debug_macro   0x0000000000001f97       0xd9 ./Core/Src/main.o
 .debug_macro   0x0000000000002070     0x12cd ./Core/Src/main.o
 .debug_macro   0x000000000000333d      0x11f ./Core/Src/main.o
 .debug_macro   0x000000000000345c       0x19 ./Core/Src/main.o
 .debug_macro   0x0000000000003475    0x19864 ./Core/Src/main.o
 .debug_macro   0x000000000001ccd9       0x6d ./Core/Src/main.o
 .debug_macro   0x000000000001cd46     0x3749 ./Core/Src/main.o
 .debug_macro   0x000000000002048f       0x63 ./Core/Src/main.o
 .debug_macro   0x00000000000204f2     0x1939 ./Core/Src/main.o
 .debug_macro   0x0000000000021e2b      0x6c4 ./Core/Src/main.o
 .debug_macro   0x00000000000224ef      0x185 ./Core/Src/main.o
 .debug_macro   0x0000000000022674      0x115 ./Core/Src/main.o
 .debug_macro   0x0000000000022789      0x1fd ./Core/Src/main.o
 .debug_macro   0x0000000000022986       0xa5 ./Core/Src/main.o
 .debug_macro   0x0000000000022a2b      0x24f ./Core/Src/main.o
 .debug_macro   0x0000000000022c7a       0x41 ./Core/Src/main.o
 .debug_macro   0x0000000000022cbb       0x58 ./Core/Src/main.o
 .debug_macro   0x0000000000022d13      0x236 ./Core/Src/main.o
 .debug_macro   0x0000000000022f49      0x416 ./Core/Src/main.o
 .debug_macro   0x000000000002335f      0x153 ./Core/Src/main.o
 .debug_macro   0x00000000000234b2      0x107 ./Core/Src/main.o
 .debug_macro   0x00000000000235b9      0x14e ./Core/Src/main.o
 .debug_macro   0x0000000000023707      0x25a ./Core/Src/main.o
 .debug_macro   0x0000000000023961       0x12 ./Core/Src/main.o
 .debug_macro   0x0000000000023973      0x22c ./Core/Src/main.o
 .debug_macro   0x0000000000023b9f       0x61 ./Core/Src/main.o
 .debug_macro   0x0000000000023c00       0xa5 ./Core/Src/main.o
 .debug_macro   0x0000000000023ca5      0x12e ./Core/Src/main.o
 .debug_macro   0x0000000000023dd3      0x108 ./Core/Src/main.o
 .debug_macro   0x0000000000023edb       0x35 ./Core/Src/main.o
 .debug_macro   0x0000000000023f10      0xa7c ./Core/Src/main.o
 .debug_macro   0x000000000002498c       0x59 ./Core/Src/main.o
 .debug_macro   0x00000000000249e5      0x56d ./Core/Src/main.o
 .debug_macro   0x0000000000024f52       0x44 ./Core/Src/main.o
 .debug_macro   0x0000000000024f96      0x14d ./Core/Src/main.o
 .debug_macro   0x00000000000250e3       0x28 ./Core/Src/main.o
 .debug_macro   0x000000000002510b      0x20a ./Core/Src/stm32f7xx_hal_msp.o
 .debug_macro   0x0000000000025315      0x214 ./Core/Src/stm32f7xx_it.o
 .debug_macro   0x0000000000025529      0x1fb ./Core/Src/system_stm32f7xx.o
 .debug_macro   0x0000000000025724      0x21f ./Drivers/STM32F7xx_HAL_Driver/Src/stm32f7xx_hal.o
 .debug_macro   0x0000000000025943      0x1fc ./Drivers/STM32F7xx_HAL_Driver/Src/stm32f7xx_hal_adc.o
 .debug_macro   0x0000000000025b3f      0x1fb ./Drivers/STM32F7xx_HAL_Driver/Src/stm32f7xx_hal_cortex.o
 .debug_macro   0x0000000000025d3a      0x201 ./Drivers/STM32F7xx_HAL_Driver/Src/stm32f7xx_hal_dma.o
 .debug_macro   0x0000000000025f3b      0x201 ./Drivers/STM32F7xx_HAL_Driver/Src/stm32f7xx_hal_gpio.o
 .debug_macro   0x000000000002613c      0x219 ./Drivers/STM32F7xx_HAL_Driver/Src/stm32f7xx_hal_pwr.o
 .debug_macro   0x0000000000026355      0x213 ./Drivers/STM32F7xx_HAL_Driver/Src/stm32f7xx_hal_pwr_ex.o
 .debug_macro   0x0000000000026568      0x21f ./Drivers/STM32F7xx_HAL_Driver/Src/stm32f7xx_hal_rcc.o
 .debug_macro   0x0000000000026787      0x1fb ./Drivers/STM32F7xx_HAL_Driver/Src/stm32f7xx_hal_rcc_ex.o
 .debug_macro   0x0000000000026982      0x1fc ./Drivers/STM32F7xx_HAL_Driver/Src/stm32f7xx_hal_tim.o
 .debug_macro   0x0000000000026b7e      0x1fb ./Drivers/STM32F7xx_HAL_Driver/Src/stm32f7xx_hal_tim_ex.o
 .debug_macro   0x0000000000026d79      0x218 ./Drivers/STM32F7xx_HAL_Driver/Src/stm32f7xx_hal_uart.o

.debug_line     0x0000000000000000    0x12cc2
 .debug_line    0x0000000000000000      0x5a9 ./Core/Src/dataStatus.o
 .debug_line    0x00000000000005a9      0x9ff ./Core/Src/main.o
 .debug_line    0x0000000000000fa8      0x903 ./Core/Src/stm32f7xx_hal_msp.o
 .debug_line    0x00000000000018ab      0x8c5 ./Core/Src/stm32f7xx_it.o
 .debug_line    0x0000000000002170      0x822 ./Core/Src/system_stm32f7xx.o
 .debug_line    0x0000000000002992       0x7a ./Core/Startup/startup_stm32f756zgtx.o
 .debug_line    0x0000000000002a0c      0xab3 ./Drivers/STM32F7xx_HAL_Driver/Src/stm32f7xx_hal.o
 .debug_line    0x00000000000034bf     0x12df ./Drivers/STM32F7xx_HAL_Driver/Src/stm32f7xx_hal_adc.o
 .debug_line    0x000000000000479e      0xd39 ./Drivers/STM32F7xx_HAL_Driver/Src/stm32f7xx_hal_cortex.o
 .debug_line    0x00000000000054d7     0x1002 ./Drivers/STM32F7xx_HAL_Driver/Src/stm32f7xx_hal_dma.o
 .debug_line    0x00000000000064d9      0xc27 ./Drivers/STM32F7xx_HAL_Driver/Src/stm32f7xx_hal_gpio.o
 .debug_line    0x0000000000007100      0x9b7 ./Drivers/STM32F7xx_HAL_Driver/Src/stm32f7xx_hal_pwr.o
 .debug_line    0x0000000000007ab7      0xa1f ./Drivers/STM32F7xx_HAL_Driver/Src/stm32f7xx_hal_pwr_ex.o
 .debug_line    0x00000000000084d6      0xef1 ./Drivers/STM32F7xx_HAL_Driver/Src/stm32f7xx_hal_rcc.o
 .debug_line    0x00000000000093c7      0xea7 ./Drivers/STM32F7xx_HAL_Driver/Src/stm32f7xx_hal_rcc_ex.o
 .debug_line    0x000000000000a26e     0x3d38 ./Drivers/STM32F7xx_HAL_Driver/Src/stm32f7xx_hal_tim.o
 .debug_line    0x000000000000dfa6     0x1bb8 ./Drivers/STM32F7xx_HAL_Driver/Src/stm32f7xx_hal_tim_ex.o
 .debug_line    0x000000000000fb5e     0x3164 ./Drivers/STM32F7xx_HAL_Driver/Src/stm32f7xx_hal_uart.o

.debug_str      0x0000000000000000    0xf715e
 .debug_str     0x0000000000000000     0x65d3 ./Core/Src/dataStatus.o
                                       0x66ea (size before relaxing)
 .debug_str     0x00000000000065d3    0xed4d0 ./Core/Src/main.o
                                      0xf1124 (size before relaxing)
 .debug_str     0x00000000000f3aa3      0x346 ./Core/Src/stm32f7xx_hal_msp.o
                                      0xf0f88 (size before relaxing)
 .debug_str     0x00000000000f3de9      0x14e ./Core/Src/stm32f7xx_it.o
                                      0xf0425 (size before relaxing)
 .debug_str     0x00000000000f3f37      0x1a4 ./Core/Src/system_stm32f7xx.o
                                      0xefd56 (size before relaxing)
 .debug_str     0x00000000000f40db       0x34 ./Core/Startup/startup_stm32f756zgtx.o
                                         0x6d (size before relaxing)
 .debug_str     0x00000000000f410f      0x40c ./Drivers/STM32F7xx_HAL_Driver/Src/stm32f7xx_hal.o
                                      0xf06ce (size before relaxing)
 .debug_str     0x00000000000f451b      0x2b3 ./Drivers/STM32F7xx_HAL_Driver/Src/stm32f7xx_hal_adc.o
                                      0xf024f (size before relaxing)
 .debug_str     0x00000000000f47ce      0x31c ./Drivers/STM32F7xx_HAL_Driver/Src/stm32f7xx_hal_cortex.o
                                      0xf06b9 (size before relaxing)
 .debug_str     0x00000000000f4aea      0x2e0 ./Drivers/STM32F7xx_HAL_Driver/Src/stm32f7xx_hal_dma.o
                                      0xf0095 (size before relaxing)
 .debug_str     0x00000000000f4dca       0xf2 ./Drivers/STM32F7xx_HAL_Driver/Src/stm32f7xx_hal_gpio.o
                                      0xefe14 (size before relaxing)
 .debug_str     0x00000000000f4ebc      0x2ac ./Drivers/STM32F7xx_HAL_Driver/Src/stm32f7xx_hal_pwr.o
                                      0xefff7 (size before relaxing)
 .debug_str     0x00000000000f5168      0x1bd ./Drivers/STM32F7xx_HAL_Driver/Src/stm32f7xx_hal_pwr_ex.o
                                      0xeffc5 (size before relaxing)
 .debug_str     0x00000000000f5325      0x252 ./Drivers/STM32F7xx_HAL_Driver/Src/stm32f7xx_hal_rcc.o
                                      0xf00b8 (size before relaxing)
 .debug_str     0x00000000000f5577      0x147 ./Drivers/STM32F7xx_HAL_Driver/Src/stm32f7xx_hal_rcc_ex.o
                                      0xefff0 (size before relaxing)
 .debug_str     0x00000000000f56be      0xdc2 ./Drivers/STM32F7xx_HAL_Driver/Src/stm32f7xx_hal_tim.o
                                      0xf1069 (size before relaxing)
 .debug_str     0x00000000000f6480      0x4dc ./Drivers/STM32F7xx_HAL_Driver/Src/stm32f7xx_hal_tim_ex.o
                                      0xf08bf (size before relaxing)
 .debug_str     0x00000000000f695c      0x802 ./Drivers/STM32F7xx_HAL_Driver/Src/stm32f7xx_hal_uart.o
                                      0xf0a05 (size before relaxing)

.debug_frame    0x0000000000000000     0x3f3c
 .debug_frame   0x0000000000000000       0x78 ./Core/Src/dataStatus.o
 .debug_frame   0x0000000000000078      0x178 ./Core/Src/main.o
 .debug_frame   0x00000000000001f0      0x114 ./Core/Src/stm32f7xx_hal_msp.o
 .debug_frame   0x0000000000000304      0x174 ./Core/Src/stm32f7xx_it.o
 .debug_frame   0x0000000000000478       0x58 ./Core/Src/system_stm32f7xx.o
 .debug_frame   0x00000000000004d0      0x3b4 ./Drivers/STM32F7xx_HAL_Driver/Src/stm32f7xx_hal.o
 .debug_frame   0x0000000000000884      0x3fc ./Drivers/STM32F7xx_HAL_Driver/Src/stm32f7xx_hal_adc.o
 .debug_frame   0x0000000000000c80      0x498 ./Drivers/STM32F7xx_HAL_Driver/Src/stm32f7xx_hal_cortex.o
 .debug_frame   0x0000000000001118      0x250 ./Drivers/STM32F7xx_HAL_Driver/Src/stm32f7xx_hal_dma.o
 .debug_frame   0x0000000000001368      0x14c ./Drivers/STM32F7xx_HAL_Driver/Src/stm32f7xx_hal_gpio.o
 .debug_frame   0x00000000000014b4      0x254 ./Drivers/STM32F7xx_HAL_Driver/Src/stm32f7xx_hal_pwr.o
 .debug_frame   0x0000000000001708      0x1c8 ./Drivers/STM32F7xx_HAL_Driver/Src/stm32f7xx_hal_pwr_ex.o
 .debug_frame   0x00000000000018d0      0x1f8 ./Drivers/STM32F7xx_HAL_Driver/Src/stm32f7xx_hal_rcc.o
 .debug_frame   0x0000000000001ac8      0x118 ./Drivers/STM32F7xx_HAL_Driver/Src/stm32f7xx_hal_rcc_ex.o
 .debug_frame   0x0000000000001be0     0x121c ./Drivers/STM32F7xx_HAL_Driver/Src/stm32f7xx_hal_tim.o
 .debug_frame   0x0000000000002dfc      0x688 ./Drivers/STM32F7xx_HAL_Driver/Src/stm32f7xx_hal_tim_ex.o
 .debug_frame   0x0000000000003484      0x9e4 ./Drivers/STM32F7xx_HAL_Driver/Src/stm32f7xx_hal_uart.o
 .debug_frame   0x0000000000003e68       0x20 C:/ST/STM32CubeIDE_1.13.0/STM32CubeIDE/plugins/com.st.stm32cube.ide.mcu.externaltools.gnu-tools-for-stm32.11.3.rel1.win32_1.1.0.202305231506/tools/bin/../lib/gcc/arm-none-eabi/11.3.1/../../../../arm-none-eabi/lib/thumb/v7e-m+fp/hard\libc_nano.a(libc_a-memset.o)
 .debug_frame   0x0000000000003e88       0x2c C:/ST/STM32CubeIDE_1.13.0/STM32CubeIDE/plugins/com.st.stm32cube.ide.mcu.externaltools.gnu-tools-for-stm32.11.3.rel1.win32_1.1.0.202305231506/tools/bin/../lib/gcc/arm-none-eabi/11.3.1/../../../../arm-none-eabi/lib/thumb/v7e-m+fp/hard\libc_nano.a(libc_a-init.o)
 .debug_frame   0x0000000000003eb4       0x28 C:/ST/STM32CubeIDE_1.13.0/STM32CubeIDE/plugins/com.st.stm32cube.ide.mcu.externaltools.gnu-tools-for-stm32.11.3.rel1.win32_1.1.0.202305231506/tools/bin/../lib/gcc/arm-none-eabi/11.3.1/../../../../arm-none-eabi/lib/thumb/v7e-m+fp/hard\libc_nano.a(libc_a-memcpy-stub.o)
 .debug_frame   0x0000000000003edc       0x2c C:/ST/STM32CubeIDE_1.13.0/STM32CubeIDE/plugins/com.st.stm32cube.ide.mcu.externaltools.gnu-tools-for-stm32.11.3.rel1.win32_1.1.0.202305231506/tools/bin/../lib/gcc/arm-none-eabi/11.3.1/thumb/v7e-m+fp/hard\libgcc.a(_aeabi_uldivmod.o)
 .debug_frame   0x0000000000003f08       0x34 C:/ST/STM32CubeIDE_1.13.0/STM32CubeIDE/plugins/com.st.stm32cube.ide.mcu.externaltools.gnu-tools-for-stm32.11.3.rel1.win32_1.1.0.202305231506/tools/bin/../lib/gcc/arm-none-eabi/11.3.1/thumb/v7e-m+fp/hard\libgcc.a(_udivmoddi4.o)

.debug_line_str
                0x0000000000000000       0x61
 .debug_line_str
                0x0000000000000000       0x61 ./Core/Startup/startup_stm32f756zgtx.o
                                         0x79 (size before relaxing)
