../Core/Src/main.c:75:6:HAL_TIM_PeriodElapsedCallback	16	static
../Core/Src/main.c:109:5:main	8	static
../Core/Src/main.c:212:6:SystemClock_Config	88	static
../Core/Src/main.c:270:13:MX_ADC3_Init	24	static
../Core/Src/main.c:322:13:MX_TIM5_Init	48	static
../Core/Src/main.c:370:13:MX_UART5_Init	8	static
../Core/Src/main.c:405:13:MX_USART2_UART_Init	8	static
../Core/Src/main.c:438:13:MX_DMA_Init	16	static
../Core/Src/main.c:456:13:MX_GPIO_Init	56	static
../Core/Src/main.c:500:6:Error_Handler	4	static,ignoring_inline_asm
