../Core/Src/main.c:75:6:HAL_TIM_PeriodElapsedCallback	16	static
../Core/Src/main.c:102:5:main	8	static
../Core/Src/main.c:171:6:SystemClock_Config	88	static
../Core/Src/main.c:229:13:MX_ADC3_Init	24	static
../Core/Src/main.c:281:13:MX_TIM5_Init	48	static
../Core/Src/main.c:329:13:MX_UART5_Init	8	static
../Core/Src/main.c:364:13:MX_USART2_UART_Init	8	static
../Core/Src/main.c:397:13:MX_DMA_Init	16	static
../Core/Src/main.c:415:13:MX_GPIO_Init	56	static
../Core/Src/main.c:451:6:Error_Handler	4	static,ignoring_inline_asm
